// Jest Snapshot v1, https://goo.gl/fbAQLP

exports[`MaterialPasswordInput Component matches snapshot when password is hidden 1`] = `
<DocumentFragment>
  <div
    class="sc-hKFymg ddKBnh"
  >
    <input
      data-testid="mock-textfield"
      type="text"
      value="password"
    />
  </div>
</DocumentFragment>
`;

exports[`MaterialPasswordInput Component matches snapshot when password is visible 1`] = `
<DocumentFragment>
  <div
    class="sc-hKFymg ddKBnh"
  >
    <input
      data-testid="mock-textfield"
      type="text"
      value="password"
    />
  </div>
</DocumentFragment>
`;
